// Jest Snapshot v1, https://goo.gl/fbAQLP

exports[`<Button/> Should match snapshot 1`] = `
.c0 {
  padding-left: 1.25rem;
  padding-right: 1.25rem;
  padding-top: 0.75rem;
  padding-bottom: 0.75rem;
  background-color: #dd6b20;
  color: #fff;
  border-radius: 0.25rem;
}

<button
  class="c0"
>
  Hello
</button>
`;
